// Jest Snapshot v1, https://goo.gl/fbAQLP

exports[`SchemaBuilder writes schema 1`] = `
"type Query {
  asset(id: String): Asset
  assetCollection(skip: String, limit: String): AssetCollection
  sectionBlockText(id: String): SectionBlockText
  sectionBlockTextCollection(skip: String, limit: String): SectionBlockTextCollection
  page(id: String): Page
  pageCollection(skip: String, limit: String): PageCollection
  sectionCarousel(id: String): SectionCarousel
  sectionCarouselCollection(skip: String, limit: String): SectionCarouselCollection
  pageMetadata(id: String): PageMetadata
  pageMetadataCollection(skip: String, limit: String): PageMetadataCollection
}

type Asset {
  sys: Sys
  contentfulMetadata: ContentfulMetadata
  title: String
  description: String
  contentType: String
  fileName: String
  url: String
  size: Int
  width: Int
  height: Int
}

type Sys {
  id: String
  spaceId: String
  environmentId: String
}

type ContentfulMetadata {
  tags: [ContentfulTag]!
}

type ContentfulTag {
  id: String!
  name: String!
}

type AssetCollection {
  skip: Int!
  limit: Int!
  total: Int!
  items: [Asset]!
}

type SectionBlockText implements Entry {
  internalTitle: Never
  body: String!
  bookmarkTitle: String
  style: SectionBlockTextStyle
}

interface Entry {
  sys: Sys
  contentfulMetadata: ContentfulMetadata
}

scalar Never

enum SectionBlockTextStyle {
  default
  narrow
}

type SectionBlockTextCollection {
  skip: Int!
  limit: Int!
  total: Int!
  items: [SectionBlockText]!
}

type Page implements Entry {
  title: String!
  subpages: PageCollection
  meta: PageMetadata
  sections: PageSectionCollection
  flags: [PageFlag]
}

type PageCollection {
  skip: Int!
  limit: Int!
  total: Int!
  items: [Page]!
}

type PageMetadata implements Entry {
  canonicalLink: String
  metaKeywords: String
  metaFlag: [PageMetadataMetaFlag]
  structuredData: JSON
}

enum PageMetadataMetaFlag {
  no-follow
  no-index
}

\\"\\"\\"
The \`JSON\` scalar type represents JSON values as specified by [ECMA-404](http://www.ecma-international.org/publications/files/ECMA-ST/ECMA-404.pdf).
\\"\\"\\"
scalar JSON @specifiedBy(url: \\"http://www.ecma-international.org/publications/files/ECMA-ST/ECMA-404.pdf\\")

type PageSectionCollection {
  skip: Int!
  limit: Int!
  total: Int!
  items: [PageSection]!
}

union PageSection = SectionBlockText | SectionCarousel

type SectionCarousel implements Entry {
  images: AssetCollection
  slideInterval: Float
}

enum PageFlag {
  Not Shareable
  Set Campus Cookie
}

type SectionCarouselCollection {
  skip: Int!
  limit: Int!
  total: Int!
  items: [SectionCarousel]!
}

type PageMetadataCollection {
  skip: Int!
  limit: Int!
  total: Int!
  items: [PageMetadata]!
}
"
`;
